// Vitest Snapshot v1, https://vitest.dev/guide/snapshot.html

exports[`interfaces > interface with chains 1`] = `
"● [interface] "IName" type: interface <identifier>
  = [structure] "{"  (
      ● [prop] "a": [ref] "ref1".["ref2"] <>
      ● [prop] "b": [ref] "ref3".["ref4"] <>
      ● [prop] "c": [ref] "ref5".["ref6"] <>
      ● [prop] "d": [ref] "ref7".["ref8"]
    )
"
`;

exports[`interfaces > interface with complex prop type 1`] = `
"● [interface] "IName" type: interface <identifier>
  = [structure] "{"  (
      ● [prop] "a"
        = [group] ""  (
            ● [ref] "string" <|>
            ● [ref] "number"
          )
       <>
      ● [prop] "b"
        = [structure] "{"  (
            ● [prop] "c": [ref] "string" <>
            ● [prop] "d": [ref] "number"
          )
       <>
      ● [prop] "c"
        = [tuple] "["  (
            ● [ref] "string" <,>
            ● [ref] "number"
          )
       <>
      ● [prop] "d": [array] "["
        = [group] "("  (
            ● [ref] "string" <|>
            ● [ref] "number"
          )
       <>
      ● [prop] "e": [array] "[": [ref] "string" <>
      ● [prop] "f"
        = [group] ""  (
            ● [ref] "string" <|>
            ● [ref] "number" <|>
            ● [structure] "{"  (
                ● [prop] "g": [ref] "string"
              )
          )
       <>
      ● [prop] "g"
        = [group] ""  (
            ● [structure] "{"  (
                ● [prop] "h": [ref] "string" <>
                ● [prop] "i": [ref] "number"
              ) <|>
            ● [structure] "{"  (
                ● [prop] "j": [ref] "string" <>
                ● [prop] "k": [ref] "number"
              )
          )
       <>
      ● [prop] "l": [array] "["
        = [group] "("  (
            ● [structure] "{"  (
                ● [prop] "m": [ref] "string" <>
                ● [prop] "n": [ref] "number"
              ) <|>
            ● [group] ""  (
                ● [structure] "{"  (
                    ● [prop] "o": [ref] "string" <>
                    ● [prop] "p": [ref] "number"
                  ) <&>
                ● [group] "("  (
                    ● [ref] "string" <|>
                    ● [ref] "number"
                  )
              )
          )
      
    )
"
`;
