{
    "exclude": ["../../tsconfig.json"],
    "include": ["*.ts", "global.d.ts"]
}